[serve_v3] Loading on device=cuda...
[transformers] `torch_dtype` is deprecated! Use `dtype` instead!
Fetching 3 files:   0%|          | 0/3 [00:00<?, ?it/s]Fetching 3 files:  33%|███▎      | 1/3 [00:40<01:20, 40.13s/it]Fetching 3 files:  67%|██████▋   | 2/3 [00:40<00:16, 16.97s/it]Fetching 3 files: 100%|██████████| 3/3 [00:40<00:00, 13.63s/it]
Loading weights:   0%|          | 0/288 [00:00<?, ?it/s]Loading weights:   0%|          | 1/288 [00:00<00:58,  4.93it/s]Loading weights:   2%|▏         | 5/288 [00:00<00:14, 19.09it/s]Loading weights:  20%|█▉        | 57/288 [00:00<00:01, 200.81it/s]Loading weights:  28%|██▊       | 82/288 [00:00<00:01, 169.23it/s]Loading weights:  38%|███▊      | 110/288 [00:00<00:00, 199.70it/s]Loading weights:  46%|████▌     | 133/288 [00:00<00:00, 206.20it/s]Loading weights:  55%|█████▍    | 157/288 [00:00<00:00, 214.91it/s]Loading weights:  63%|██████▎   | 181/288 [00:01<00:00, 221.31it/s]Loading weights:  73%|███████▎  | 209/288 [00:01<00:00, 237.55it/s]Loading weights:  82%|████████▏ | 235/288 [00:01<00:00, 240.28it/s]Loading weights:  92%|█████████▏| 264/288 [00:01<00:00, 204.47it/s]Loading weights: 100%|██████████| 288/288 [00:01<00:00, 205.16it/s]
[transformers] [1mGemma2ForSequenceClassification LOAD REPORT[0m from: google/gemma-2-2b
Key          | Status  | 
-------------+---------+-
score.weight | MISSING | 

Notes:
- MISSING:	those params were newly initialized because missing from the checkpoint. Consider training on your downstream task.
bitsandbytes library load error: libnvJitLink.so.13: cannot open shared object file: No such file or directory
Traceback (most recent call last):
  File "/root/auditing-agents-fresh/.venv/lib/python3.11/site-packages/bitsandbytes/cextension.py", line 320, in <module>
    lib = get_native_library()
          ^^^^^^^^^^^^^^^^^^^^
  File "/root/auditing-agents-fresh/.venv/lib/python3.11/site-packages/bitsandbytes/cextension.py", line 298, in get_native_library
    dll = ct.cdll.LoadLibrary(str(binary_path))
          ^^^^^^^^^^^^^^^^^^^^^^^^^^^^^^^^^^^^^
  File "/usr/lib/python3.11/ctypes/__init__.py", line 454, in LoadLibrary
    return self._dlltype(name)
           ^^^^^^^^^^^^^^^^^^^
  File "/usr/lib/python3.11/ctypes/__init__.py", line 376, in __init__
    self._handle = _dlopen(self._name, mode)
                   ^^^^^^^^^^^^^^^^^^^^^^^^^
OSError: libnvJitLink.so.13: cannot open shared object file: No such file or directory
[serve_v3] Loaded.
[transformers] `use_return_dict` is deprecated! Use `return_dict` instead!
